// Jest Snapshot v1, https://goo.gl/fbAQLP

exports[`Is genre catalog tab rendered 1`] = `
<ul
  className="catalog__genres-list"
>
  <li
    className="catalog__genres-item"
  >
    <a
      className="catalog__genres-link"
      href="#"
      onClick={[Function]}
    >
      
    </a>
  </li>
</ul>
`;
