// Jest Snapshot v1, https://goo.gl/fbAQLP

exports[`GenreTab рендерится корректно 1`] = `
<ul
  className="catalog__genres-list"
>
  <li
    className="catalog__genres-item catalog__genres-item--active"
  >
    <span
      className="catalog__genres-link"
      onClick={[Function]}
    >
      
    </span>
  </li>
</ul>
`;
