// Jest Snapshot v1, https://goo.gl/fbAQLP

exports[`FilmCard корректно рендерится после перезапуска 1`] = `
<article
  className="small-movie-card catalog__movies-card"
  onMouseEnter={[MockFunction]}
  onMouseLeave={[MockFunction]}
>
  <a
    href="/films/undefined"
    onClick={[Function]}
  >
    <div
      className="small-movie-card__image"
    >
      <img
        alt="We need to talk about Kevin"
      />
      <h3
        className="small-movie-card__title"
      >
        <span
          className="small-movie-card__link"
        >
          We need to talk about Kevin
        </span>
      </h3>
    </div>
  </a>
</article>
`;
