// Jest Snapshot v1, https://goo.gl/fbAQLP

exports[`FilmCard корректно рендерится после перезапуска 1`] = `
<article
  className="small-movie-card catalog__movies-card"
  onMouseEnter={[MockFunction]}
  onMouseLeave={[MockFunction]}
>
  <div
    className="small-movie-card__image"
  >
    <img
      alt="We need to talk about Kevin"
    />
    <h3
      className="small-movie-card__title"
    >
      <a
        className="small-movie-card__link"
        href="movie-page.html"
      >
        We need to talk about Kevin
      </a>
    </h3>
  </div>
</article>
`;
