// Jest Snapshot v1, https://goo.gl/fbAQLP

exports[`FilmTabs корректно рендерится после перезапуска 1`] = `
<ul
  className="movie-nav__list"
>
  <li
    className="movie-nav__item false"
    onClick={[MockFunction]}
  >
    <span
      className="movie-nav__link"
    >
      Overview
    </span>
  </li>
  <li
    className="movie-nav__item false"
    onClick={[MockFunction]}
  >
    <span
      className="movie-nav__link"
    >
      Details
    </span>
  </li>
  <li
    className="movie-nav__item false"
    onClick={[MockFunction]}
  >
    <span
      className="movie-nav__link"
    >
      Reviews
    </span>
  </li>
</ul>
`;
