// Jest Snapshot v1, https://goo.gl/fbAQLP

exports[`Is genre catalog rendered 1`] = `
<section
  className="catalog"
>
  <h2
    className="catalog__title visually-hidden"
  >
    Catalog
  </h2>
  <Connect(GenreTab)
    genres={
      Array [
        "All genres",
      ]
    }
  />
  <FilmList
    films={
      Array [
        Object {
          "genre": "drama",
          "name": "We need to talk about Kevin",
          "previewImage": "img/we-need-to-talk-about-kevin.jpg",
          "previewVideoLink": "https://upload.wikimedia.org/wikipedia/commons/b/b3/Big_Buck_Bunny_Trailer_400p.ogv",
        },
      ]
    }
  />
  <ShowMoreButton
    onClick={[Function]}
  />
</section>
`;
