// Jest Snapshot v1, https://goo.gl/fbAQLP

exports[`Is genre catalog rendered 1`] = `
<section
  className="catalog"
>
  <h2
    className="catalog__title visually-hidden"
  >
    Catalog
  </h2>
  <Connect(GenreTab)
    genres={Array []}
  />
  <FilmList
    films={Array []}
  />
  <ShowMoreButton
    onClick={[Function]}
  />
</section>
`;
