// Jest Snapshot v1, https://goo.gl/fbAQLP

exports[`VideoPlayer корректно рендерится после перезапуска 1`] = `
<video
  poster="img/we-need-to-talk-about-kevin.jpg"
  src="https://upload.wikimedia.org/wikipedia/commons/b/b3/Big_Buck_Bunny_Trailer_400p.ogv"
  style={
    Object {
      "height": "100%",
      "width": "100%",
    }
  }
/>
`;
