// Jest Snapshot v1, https://goo.gl/fbAQLP

exports[`FilmReviews корректно рендерится после перезапуска 1`] = `
<div
  className="movie-card__reviews movie-card__row"
>
  <div
    className="movie-card__reviews-col"
  >
    <div
      className="review"
    >
      <blockquote
        className="review__quote"
      >
        <p
          className="review__text"
        >
          This movie really touched my heart, it really is the best movie of the year and everyone should see this masterpiece.
        </p>
        <footer
          className="review__details"
        >
          <cite
            className="review__author"
          >
            Jack
          </cite>
          <time
            className="review__date"
            dateTime="2016-12-24"
          >
            November 28, 2019
          </time>
        </footer>
      </blockquote>
      <div
        className="review__rating"
      >
        2.1
      </div>
    </div>
  </div>
</div>
`;
