// Jest Snapshot v1, https://goo.gl/fbAQLP

exports[`FilmList корректно рендерится после перезапуска 1`] = `
<Router
  history={
    Object {
      "action": "POP",
      "block": [Function],
      "createHref": [Function],
      "go": [Function],
      "goBack": [Function],
      "goForward": [Function],
      "length": 1,
      "listen": [Function],
      "location": Object {
        "hash": "",
        "pathname": "/",
        "search": "",
        "state": undefined,
      },
      "push": [Function],
      "replace": [Function],
    }
  }
>
  <FilmList
    films={
      Array [
        Object {
          "genre": "drama",
          "name": "We need to talk about Kevin",
          "previewImage": "img/we-need-to-talk-about-kevin.jpg",
          "previewVideoLink": "https://upload.wikimedia.org/wikipedia/commons/b/b3/Big_Buck_Bunny_Trailer_400p.ogv",
        },
      ]
    }
  />
</Router>
`;
